// Jest Snapshot v1, https://goo.gl/fbAQLP

exports[`Should render Addexpenses curectly 1`] = `
<div>
  <h1>
    Add Expense
  </h1>
  <ExpensesFrom
    onSubmited={[Function]}
  />
</div>
`;
