// Jest Snapshot v1, https://goo.gl/fbAQLP

exports[`Should render ExpenseListItem with Expenses 1`] = `
<div>
  <Link
    replace={false}
    to="/edit/2"
  >
    <h3>
      rent
    </h3>
  </Link>
  <p>
    195
     - 
    -345600000
  </p>
</div>
`;
