// Jest Snapshot v1, https://goo.gl/fbAQLP

exports[`Should render DaseBoardPage 1`] = `
<div>
  This is the Main Page Content
  <Connect(expenselistfilters) />
  <Connect(ExpensesList) />
</div>
`;
