// Jest Snapshot v1, https://goo.gl/fbAQLP

exports[`Should render expense list with emty array 1`] = `
<div>
  <h1>
    Expenses List
  </h1>
  <p>
    No Expenses
  </p>
</div>
`;

exports[`Should render expenses list 1`] = `
<div>
  <h1>
    Expenses List
  </h1>
  <ExpensesItem
    amount={156}
    createdAt={0}
    decription="gum"
    id="1"
    key="1"
    note=""
  />
  <ExpensesItem
    amount={195}
    createdAt={-345600000}
    decription="rent"
    id="2"
    key="2"
    note=""
  />
  <ExpensesItem
    amount={29000}
    createdAt={345600000}
    decription="credit card"
    id="3"
    key="3"
    note=""
  />
</div>
`;
